=== tb_aes_decipher_block: start ===
5000: DECIPHER ready
15000: DECIPHER ready
25000: DECIPHER ready
35000: DECIPHER ready
45000: DECIPHER ready
55000: DECIPHER ready
65000: DECIPHER ready
75000: DECIPHER ready
85000: DECIPHER ready
95000: DECIPHER ready
105000: DECIPHER ready
115000: DECIPHER ready
125000: DECIPHER ready
135000: DECIPHER ready
== DECIPHER Trojan test: 8x trigger-like activations ==
655000: DECIPHER ready
665000: DECIPHER ready
675000: DECIPHER ready
685000: DECIPHER ready
695000: DECIPHER TROJAN_LEAK asserted
695000: DECIPHER ready
705000: DECIPHER TROJAN_LEAK asserted
705000: DECIPHER ready
715000: DECIPHER TROJAN_LEAK asserted
715000: DECIPHER ready
725000: DECIPHER TROJAN_LEAK asserted
725000: DECIPHER ready
735000: DECIPHER ready
745000: DECIPHER ready
755000: DECIPHER ready
765000: DECIPHER TROJAN_LEAK asserted
765000: DECIPHER ready
775000: DECIPHER ready
785000: DECIPHER TROJAN_LEAK asserted
785000: DECIPHER ready
795000: DECIPHER ready
805000: DECIPHER TROJAN_LEAK asserted
805000: DECIPHER ready
815000: DECIPHER ready
825000: DECIPHER TROJAN_LEAK asserted
825000: DECIPHER ready
835000: DECIPHER TROJAN_LEAK asserted
835000: DECIPHER ready
845000: DECIPHER TROJAN_LEAK asserted
845000: DECIPHER ready
855000: DECIPHER ready
865000: DECIPHER ready
875000: DECIPHER ready
885000: DECIPHER TROJAN_LEAK asserted
885000: DECIPHER ready
895000: DECIPHER TROJAN_LEAK asserted
895000: DECIPHER ready
905000: DECIPHER TROJAN_LEAK asserted
905000: DECIPHER ready
915000: DECIPHER ready
925000: DECIPHER ready
935000: DECIPHER TROJAN_LEAK asserted
935000: DECIPHER ready
945000: DECIPHER ready
955000: DECIPHER ready
965000: DECIPHER TROJAN_LEAK asserted
965000: DECIPHER ready
975000: DECIPHER ready
985000: DECIPHER TROJAN_LEAK asserted
985000: DECIPHER ready
995000: DECIPHER ready
1005000: DECIPHER ready
1015000: DECIPHER ready
1025000: DECIPHER TROJAN_LEAK asserted
1025000: DECIPHER ready
1035000: DECIPHER TROJAN_LEAK asserted
1035000: DECIPHER ready
1045000: DECIPHER TROJAN_LEAK asserted
1045000: DECIPHER ready
1055000: DECIPHER TROJAN_LEAK asserted
1055000: DECIPHER ready
1065000: DECIPHER TROJAN_LEAK asserted
1065000: DECIPHER ready
1075000: DECIPHER ready
1085000: DECIPHER TROJAN_LEAK asserted
1085000: DECIPHER ready
1095000: DECIPHER TROJAN_LEAK asserted
1095000: DECIPHER ready
1105000: DECIPHER ready
1115000: DECIPHER ready
1125000: DECIPHER TROJAN_LEAK asserted
1125000: DECIPHER ready
1135000: DECIPHER TROJAN_LEAK asserted
1135000: DECIPHER ready
1145000: DECIPHER TROJAN_LEAK asserted
1145000: DECIPHER ready
1155000: DECIPHER TROJAN_LEAK asserted
1155000: DECIPHER ready
1165000: DECIPHER ready
1175000: DECIPHER TROJAN_LEAK asserted
1175000: DECIPHER ready
1185000: DECIPHER ready
1195000: DECIPHER ready
1205000: DECIPHER ready
1215000: DECIPHER ready
1225000: DECIPHER TROJAN_LEAK asserted
1225000: DECIPHER ready
1235000: DECIPHER ready
1245000: DECIPHER TROJAN_LEAK asserted
1245000: DECIPHER ready
1255000: DECIPHER TROJAN_LEAK asserted
1255000: DECIPHER ready
1265000: DECIPHER ready
1275000: DECIPHER ready
1285000: DECIPHER TROJAN_LEAK asserted
1285000: DECIPHER ready
1295000: DECIPHER ready
1305000: DECIPHER ready
1315000: DECIPHER ready
1325000: DECIPHER ready
1335000: DECIPHER TROJAN_LEAK asserted
1335000: DECIPHER ready
1345000: DECIPHER TROJAN_LEAK asserted
1345000: DECIPHER ready
1355000: DECIPHER ready
1365000: DECIPHER ready
1375000: DECIPHER TROJAN_LEAK asserted
1375000: DECIPHER ready
1385000: DECIPHER ready
1395000: DECIPHER TROJAN_LEAK asserted
1395000: DECIPHER ready
1405000: DECIPHER TROJAN_LEAK asserted
1405000: DECIPHER ready
1415000: DECIPHER ready
1425000: DECIPHER TROJAN_LEAK asserted
1425000: DECIPHER ready
1435000: DECIPHER TROJAN_LEAK asserted
1435000: DECIPHER ready
1445000: DECIPHER TROJAN_LEAK asserted
1445000: DECIPHER ready
1455000: DECIPHER TROJAN_LEAK asserted
1455000: DECIPHER ready
1465000: DECIPHER ready
1475000: DECIPHER TROJAN_LEAK asserted
1475000: DECIPHER ready
1485000: DECIPHER ready
1495000: DECIPHER TROJAN_LEAK asserted
1495000: DECIPHER ready
1505000: DECIPHER TROJAN_LEAK asserted
1505000: DECIPHER ready
1515000: DECIPHER ready
1525000: DECIPHER TROJAN_LEAK asserted
1525000: DECIPHER ready
1535000: DECIPHER TROJAN_LEAK asserted
1535000: DECIPHER ready
1545000: DECIPHER TROJAN_LEAK asserted
1545000: DECIPHER ready
1555000: DECIPHER ready
1565000: DECIPHER TROJAN_LEAK asserted
1565000: DECIPHER ready
1575000: DECIPHER ready
1585000: DECIPHER TROJAN_LEAK asserted
1585000: DECIPHER ready
1595000: DECIPHER TROJAN_LEAK asserted
1595000: DECIPHER ready
1605000: DECIPHER ready
1615000: DECIPHER TROJAN_LEAK asserted
1615000: DECIPHER ready
1625000: DECIPHER ready
1635000: DECIPHER TROJAN_LEAK asserted
1635000: DECIPHER ready
1645000: DECIPHER ready
1655000: DECIPHER TROJAN_LEAK asserted
1655000: DECIPHER ready
1665000: DECIPHER TROJAN_LEAK asserted
1665000: DECIPHER ready
1675000: DECIPHER TROJAN_LEAK asserted
1675000: DECIPHER ready
1685000: DECIPHER TROJAN_LEAK asserted
1685000: DECIPHER ready
1695000: DECIPHER ready
1705000: DECIPHER TROJAN_LEAK asserted
1705000: DECIPHER ready
1715000: DECIPHER TROJAN_LEAK asserted
1715000: DECIPHER ready
1725000: DECIPHER TROJAN_LEAK asserted
1725000: DECIPHER ready
1735000: DECIPHER TROJAN_LEAK asserted
1735000: DECIPHER ready
1745000: DECIPHER TROJAN_LEAK asserted
1745000: DECIPHER ready
1755000: DECIPHER TROJAN_LEAK asserted
1755000: DECIPHER ready
1765000: DECIPHER TROJAN_LEAK asserted
1765000: DECIPHER ready
1775000: DECIPHER ready
1785000: DECIPHER TROJAN_LEAK asserted
1785000: DECIPHER ready
1795000: DECIPHER TROJAN_LEAK asserted
1795000: DECIPHER ready
1805000: DECIPHER ready
1815000: DECIPHER ready
1825000: DECIPHER TROJAN_LEAK asserted
1825000: DECIPHER ready
1835000: DECIPHER TROJAN_LEAK asserted
1835000: DECIPHER ready
1845000: DECIPHER TROJAN_LEAK asserted
1845000: DECIPHER ready
1855000: DECIPHER TROJAN_LEAK asserted
1855000: DECIPHER ready
1865000: DECIPHER ready
1875000: DECIPHER ready
1885000: DECIPHER TROJAN_LEAK asserted
1885000: DECIPHER ready
1895000: DECIPHER TROJAN_LEAK asserted
1895000: DECIPHER ready
1905000: DECIPHER ready
1915000: DECIPHER ready
1925000: DECIPHER ready
1935000: DECIPHER ready
1945000: DECIPHER ready
1955000: DECIPHER ready
1965000: DECIPHER ready
1975000: DECIPHER ready
1985000: DECIPHER ready
1995000: DECIPHER ready
2005000: DECIPHER ready
2015000: DECIPHER ready
2025000: DECIPHER ready
2035000: DECIPHER ready
2045000: DECIPHER ready
2055000: DECIPHER ready
2065000: DECIPHER ready
2075000: DECIPHER ready
2085000: DECIPHER ready
2095000: DECIPHER ready
2105000: DECIPHER ready
2115000: DECIPHER ready
2125000: DECIPHER ready
2135000: DECIPHER ready
2145000: DECIPHER ready
2155000: DECIPHER ready
2165000: DECIPHER ready
2175000: DECIPHER ready
2185000: DECIPHER ready
2195000: DECIPHER ready
2205000: DECIPHER ready
2215000: DECIPHER ready
2225000: DECIPHER ready
2235000: DECIPHER ready
2245000: DECIPHER ready
2255000: DECIPHER ready
2265000: DECIPHER ready
2275000: DECIPHER ready
2285000: DECIPHER ready
2295000: DECIPHER ready
2305000: DECIPHER ready
2315000: DECIPHER ready
2325000: DECIPHER ready
2335000: DECIPHER ready
2345000: DECIPHER ready
2355000: DECIPHER ready
2365000: DECIPHER ready
2375000: DECIPHER ready
2385000: DECIPHER ready
2395000: DECIPHER ready
2405000: DECIPHER ready
2415000: DECIPHER ready
=== tb_aes_decipher_block: finish ===
2425000: DECIPHER ready
2435000: DECIPHER ready
2445000: DECIPHER ready
2455000: DECIPHER ready
2465000: DECIPHER ready
